Start: Thu Jun 18 09:26:57 2026
Seeds: [42, 123, 456], Eval points: 64 per seed


--- Seed 42 ---
  [Step       0]  reward=+27.4  win_rate=36.0%
  [Step    2048]  reward=+27.1  win_rate=36.0%  first=36.5%  510K=22.5  rel_sup=+0.37  [8s, target=32]
  [Step    4096]  reward=+29.8  win_rate=39.5%  first=39.0%  510K=24.2  rel_sup=+0.58  [8s, target=4096]
  [Step    8192]  reward=+32.2  win_rate=42.5%  first=42.0%  510K=25.4  rel_sup=+0.83  [15s, target=8192]
  [Step   16384]  reward=+36.4  win_rate=46.0%  first=44.5%  510K=28.6  rel_sup=+1.20  [31s, target=16384]
  [Step   32768]  reward=+42.6  win_rate=55.0%  first=51.5%  510K=32.0  rel_sup=+1.94  [65s, target=32768]
  [Step   65536]  reward=+40.8  win_rate=52.0%  first=48.5%  510K=31.4  rel_sup=+1.71  [128s, target=65536]
  [Step  131072]  reward=+40.9  win_rate=51.5%  first=50.5%  510K=30.7  rel_sup=+1.74  [257s, target=131072]
  [Step  262144]  reward=+44.6  win_rate=59.0%  first=57.0%  510K=31.9  rel_sup=+2.23  [521s, target=262144]
  [Step  524288]  reward=+44.9  win_rate=57.0%  first=55.5%  510K=32.7  rel_sup=+2.28  [1018s, target=524288]
  [Step 1048576]  reward=+45.5  win_rate=59.0%  first=56.0%  510K=33.1  rel_sup=+2.44  [2014s, target=1048576]
  [Step 1114112]  reward=+46.4  win_rate=58.5%  first=58.5%  510K=33.0  rel_sup=+2.52  [253s, target=1114112]
  [Step 1179648]  reward=+47.5  win_rate=61.0%  first=58.5%  510K=34.1  rel_sup=+2.79  [250s, target=1179648]
  [Step 1245184]  reward=+44.8  win_rate=56.0%  first=54.0%  510K=33.1  rel_sup=+2.35  [248s, target=1245184]
  [Step 1310720]  reward=+45.0  win_rate=59.0%  first=56.0%  510K=32.5  rel_sup=+2.38  [252s, target=1310720]
  [Step 1376256]  reward=+44.0  win_rate=56.5%  first=56.0%  510K=31.6  rel_sup=+2.14  [251s, target=1376256]
  [Step 1441792]  reward=+48.2  win_rate=62.5%  first=60.5%  510K=34.0  rel_sup=+2.84  [248s, target=1441792]
  [Step 1507328]  reward=+47.9  win_rate=62.5%  first=60.5%  510K=33.7  rel_sup=+2.80  [247s, target=1507328]
  [Step 1572864]  reward=+45.1  win_rate=56.0%  first=55.5%  510K=32.9  rel_sup=+2.36  [247s, target=1572864]
  [Step 1638400]  reward=+48.2  win_rate=62.5%  first=61.5%  510K=33.6  rel_sup=+2.71  [246s, target=1638400]
  [Step 1703936]  reward=+48.0  win_rate=62.5%  first=59.5%  510K=34.2  rel_sup=+2.73  [244s, target=1703936]
  [Step 1769472]  reward=+49.7  win_rate=67.0%  first=64.0%  510K=34.1  rel_sup=+3.02  [244s, target=1769472]
  [Step 1835008]  reward=+44.1  win_rate=57.0%  first=52.5%  510K=33.1  rel_sup=+2.12  [245s, target=1835008]
  [Step 1900544]  reward=+48.1  win_rate=60.0%  first=58.5%  510K=34.7  rel_sup=+2.77  [240s, target=1900544]
  [Step 1966080]  reward=+48.6  win_rate=64.0%  first=58.5%  510K=35.2  rel_sup=+2.77  [245s, target=1966080]
  [Step 2031616]  reward=+47.5  win_rate=61.0%  first=58.5%  510K=34.0  rel_sup=+2.70  [246s, target=2031616]
  [Step 2097152]  reward=+49.8  win_rate=65.0%  first=62.0%  510K=35.0  rel_sup=+3.10  [241s, target=2097152]
  [Step 2162688]  reward=+48.6  win_rate=62.0%  first=60.5%  510K=34.4  rel_sup=+2.82  [243s, target=2162688]
  [Step 2228224]  reward=+49.0  win_rate=62.0%  first=62.5%  510K=34.0  rel_sup=+2.94  [230s, target=2228224]
  [Step 2293760]  reward=+47.5  win_rate=59.0%  first=58.5%  510K=34.1  rel_sup=+2.69  [229s, target=2293760]
  [Step 2359296]  reward=+47.8  win_rate=59.5%  first=57.0%  510K=35.0  rel_sup=+2.74  [231s, target=2359296]
  [Step 2424832]  reward=+46.9  win_rate=59.5%  first=57.5%  510K=33.9  rel_sup=+2.54  [231s, target=2424832]
  [Step 2490368]  reward=+47.3  win_rate=60.0%  first=58.5%  510K=33.9  rel_sup=+2.59  [230s, target=2490368]
  [Step 2555904]  reward=+51.3  win_rate=65.5%  first=64.5%  510K=35.5  rel_sup=+3.25  [232s, target=2555904]
  [Step 2621440]  reward=+46.5  win_rate=55.0%  first=55.0%  510K=34.5  rel_sup=+2.49  [232s, target=2621440]
  [Step 2686976]  reward=+47.1  win_rate=55.5%  first=54.0%  510K=35.5  rel_sup=+2.56  [230s, target=2686976]
  [Step 2752512]  reward=+45.3  win_rate=56.5%  first=53.0%  510K=34.1  rel_sup=+2.38  [230s, target=2752512]
  [Step 2818048]  reward=+47.9  win_rate=60.0%  first=59.0%  510K=34.2  rel_sup=+2.86  [230s, target=2818048]
  [Step 2883584]  reward=+50.2  win_rate=66.0%  first=62.0%  510K=35.5  rel_sup=+3.17  [230s, target=2883584]
  [Step 2949120]  reward=+45.1  win_rate=55.0%  first=52.5%  510K=34.1  rel_sup=+2.22  [231s, target=2949120]
  [Step 3014656]  reward=+47.0  win_rate=58.0%  first=53.0%  510K=35.9  rel_sup=+2.53  [229s, target=3014656]
  [Step 3080192]  reward=+47.1  win_rate=62.0%  first=56.5%  510K=34.5  rel_sup=+2.64  [228s, target=3080192]
  [Step 3145728]  reward=+50.2  win_rate=63.0%  first=61.5%  510K=35.6  rel_sup=+3.08  [229s, target=3145728]
  [Step 3211264]  reward=+47.3  win_rate=57.0%  first=55.5%  510K=35.1  rel_sup=+2.71  [230s, target=3211264]
  [Step 3276800]  reward=+47.0  win_rate=59.0%  first=57.5%  510K=34.0  rel_sup=+2.59  [233s, target=3276800]
  [Step 3342336]  reward=+44.3  win_rate=55.5%  first=53.0%  510K=33.1  rel_sup=+2.26  [231s, target=3342336]
  [Step 3407872]  reward=+43.9  win_rate=54.5%  first=51.5%  510K=33.2  rel_sup=+2.18  [230s, target=3407872]
  [Step 3473408]  reward=+46.5  win_rate=57.5%  first=54.0%  510K=34.9  rel_sup=+2.58  [231s, target=3473408]
  [Step 3538944]  reward=+48.7  win_rate=64.5%  first=60.5%  510K=34.5  rel_sup=+2.99  [221s, target=3538944]
  [Step 3604480]  reward=+50.8  win_rate=65.0%  first=61.0%  510K=36.4  rel_sup=+3.34  [224s, target=3604480]
  [Step 3670016]  reward=+47.8  win_rate=62.0%  first=58.5%  510K=34.4  rel_sup=+2.79  [224s, target=3670016]
  [Step 3735552]  reward=+48.1  win_rate=60.5%  first=58.0%  510K=34.9  rel_sup=+2.83  [225s, target=3735552]
  [Step 3801088]  reward=+45.6  win_rate=57.0%  first=54.5%  510K=33.9  rel_sup=+2.43  [223s, target=3801088]
  [Step 3866624]  reward=+47.9  win_rate=60.0%  first=58.5%  510K=34.5  rel_sup=+2.65  [225s, target=3866624]
  [Step 3932160]  reward=+50.0  win_rate=65.5%  first=62.5%  510K=35.0  rel_sup=+3.13  [224s, target=3932160]
  [Step 3997696]  reward=+48.0  win_rate=61.0%  first=59.5%  510K=34.2  rel_sup=+2.87  [223s, target=3997696]
  [Step 4063232]  reward=+47.6  win_rate=60.5%  first=60.5%  510K=33.4  rel_sup=+2.82  [224s, target=4063232]
  [Step 4128768]  reward=+48.8  win_rate=63.0%  first=60.5%  510K=34.6  rel_sup=+2.96  [225s, target=4128768]
  [Step 4194304]  reward=+48.1  win_rate=61.5%  first=58.5%  510K=34.8  rel_sup=+2.81  [222s, target=4194304]

--- Seed 123 ---
  [Step       0]  reward=+10.9  win_rate=15.5%
  [Step    2048]  reward=+23.1  win_rate=30.0%  first=27.5%  510K=22.1  rel_sup=+0.11  [7s, target=32]
  [Step    4096]  reward=+27.2  win_rate=35.5%  first=35.5%  510K=23.0  rel_sup=+0.37  [7s, target=4096]
  [Step    8192]  reward=+28.5  win_rate=38.5%  first=37.5%  510K=23.5  rel_sup=+0.47  [14s, target=8192]
  [Step   16384]  reward=+34.5  win_rate=48.5%  first=45.0%  510K=26.6  rel_sup=+0.99  [27s, target=16384]
  [Step   32768]  reward=+40.2  win_rate=50.0%  first=49.0%  510K=30.6  rel_sup=+1.68  [56s, target=32768]
  [Step   65536]  reward=+43.6  win_rate=56.5%  first=56.0%  510K=31.2  rel_sup=+2.15  [111s, target=65536]
  [Step  131072]  reward=+40.8  win_rate=52.5%  first=51.5%  510K=30.2  rel_sup=+1.76  [223s, target=131072]
  [Step  262144]  reward=+44.9  win_rate=56.5%  first=56.0%  510K=32.5  rel_sup=+2.31  [445s, target=262144]
  [Step  524288]  reward=+42.9  win_rate=55.0%  first=54.0%  510K=31.3  rel_sup=+2.00  [886s, target=524288]
  [Step 1048576]  reward=+43.0  win_rate=55.0%  first=52.5%  510K=32.0  rel_sup=+1.97  [1775s, target=1048576]
  [Step 1114112]  reward=+42.2  win_rate=54.0%  first=51.0%  510K=31.8  rel_sup=+1.90  [223s, target=1114112]
  [Step 1179648]  reward=+47.1  win_rate=59.5%  first=56.5%  510K=34.5  rel_sup=+2.58  [223s, target=1179648]
  [Step 1245184]  reward=+46.3  win_rate=59.0%  first=57.0%  510K=33.5  rel_sup=+2.48  [222s, target=1245184]
  [Step 1310720]  reward=+43.4  win_rate=54.0%  first=51.5%  510K=32.8  rel_sup=+2.06  [222s, target=1310720]
  [Step 1376256]  reward=+48.4  win_rate=60.5%  first=57.0%  510K=35.5  rel_sup=+2.73  [221s, target=1376256]
  [Step 1441792]  reward=+45.6  win_rate=55.5%  first=53.5%  510K=34.2  rel_sup=+2.32  [222s, target=1441792]
  [Step 1507328]  reward=+45.1  win_rate=58.5%  first=55.0%  510K=33.1  rel_sup=+2.37  [221s, target=1507328]
  [Step 1572864]  reward=+48.1  win_rate=59.5%  first=57.5%  510K=35.1  rel_sup=+2.68  [220s, target=1572864]
  [Step 1638400]  reward=+46.8  win_rate=57.0%  first=54.0%  510K=35.1  rel_sup=+2.48  [220s, target=1638400]
  [Step 1703936]  reward=+46.6  win_rate=60.0%  first=55.0%  510K=34.6  rel_sup=+2.44  [219s, target=1703936]
  [Step 1769472]  reward=+46.8  win_rate=59.5%  first=56.5%  510K=34.2  rel_sup=+2.57  [219s, target=1769472]
  [Step 1835008]  reward=+45.1  win_rate=54.5%  first=49.5%  510K=35.3  rel_sup=+2.17  [218s, target=1835008]
  [Step 1900544]  reward=+45.4  win_rate=57.5%  first=54.5%  510K=33.6  rel_sup=+2.28  [219s, target=1900544]
  [Step 1966080]  reward=+48.1  win_rate=59.5%  first=58.5%  510K=34.7  rel_sup=+2.79  [220s, target=1966080]
  [Step 2031616]  reward=+50.0  win_rate=65.0%  first=61.5%  510K=35.5  rel_sup=+3.04  [219s, target=2031616]
  [Step 2097152]  reward=+49.5  win_rate=62.0%  first=60.5%  510K=35.2  rel_sup=+2.98  [220s, target=2097152]
  [Step 2162688]  reward=+48.9  win_rate=62.0%  first=58.5%  510K=35.5  rel_sup=+2.84  [220s, target=2162688]
  [Step 2228224]  reward=+48.7  win_rate=64.0%  first=60.5%  510K=34.5  rel_sup=+2.86  [219s, target=2228224]
  [Step 2293760]  reward=+49.4  win_rate=63.0%  first=60.5%  510K=35.1  rel_sup=+2.93  [221s, target=2293760]
  [Step 2359296]  reward=+46.2  win_rate=59.0%  first=56.5%  510K=33.6  rel_sup=+2.50  [220s, target=2359296]
  [Step 2424832]  reward=+48.5  win_rate=62.0%  first=57.5%  510K=35.5  rel_sup=+2.73  [219s, target=2424832]
  [Step 2490368]  reward=+49.9  win_rate=64.5%  first=62.5%  510K=34.9  rel_sup=+3.02  [266s, target=2490368]
  [Step 2555904]  reward=+49.3  win_rate=62.0%  first=61.0%  510K=34.9  rel_sup=+2.97  [272s, target=2555904]
  [Step 2621440]  reward=+47.9  win_rate=62.0%  first=58.0%  510K=34.7  rel_sup=+2.71  [267s, target=2621440]
  [Step 2686976]  reward=+50.0  win_rate=62.5%  first=60.5%  510K=35.8  rel_sup=+3.11  [305s, target=2686976]
  [Step 2752512]  reward=+48.7  win_rate=62.5%  first=61.0%  510K=34.3  rel_sup=+2.81  [313s, target=2752512]
  [Step 2818048]  reward=+49.7  win_rate=64.0%  first=60.0%  510K=35.7  rel_sup=+2.89  [312s, target=2818048]
  [Step 2883584]  reward=+45.9  win_rate=57.5%  first=57.0%  510K=33.1  rel_sup=+2.42  [313s, target=2883584]
  [Step 2949120]  reward=+46.9  win_rate=57.0%  first=55.5%  510K=34.6  rel_sup=+2.56  [313s, target=2949120]
  [Step 3014656]  reward=+48.7  win_rate=58.0%  first=57.0%  510K=35.9  rel_sup=+2.86  [314s, target=3014656]
  [Step 3080192]  reward=+47.1  win_rate=55.0%  first=53.5%  510K=35.8  rel_sup=+2.60  [312s, target=3080192]
  [Step 3145728]  reward=+48.5  win_rate=61.5%  first=58.5%  510K=35.1  rel_sup=+2.91  [313s, target=3145728]
  [Step 3211264]  reward=+47.1  win_rate=56.5%  first=55.0%  510K=35.1  rel_sup=+2.62  [313s, target=3211264]
  [Step 3276800]  reward=+47.5  win_rate=59.5%  first=56.5%  510K=34.9  rel_sup=+2.70  [312s, target=3276800]
  [Step 3342336]  reward=+48.9  win_rate=62.0%  first=58.0%  510K=35.7  rel_sup=+2.88  [309s, target=3342336]
  [Step 3407872]  reward=+47.7  win_rate=59.0%  first=57.0%  510K=34.9  rel_sup=+2.73  [296s, target=3407872]
  [Step 3473408]  reward=+49.0  win_rate=61.0%  first=57.0%  510K=36.2  rel_sup=+2.82  [297s, target=3473408]
  [Step 3538944]  reward=+53.5  win_rate=69.0%  first=66.0%  510K=37.1  rel_sup=+3.80  [281s, target=3538944]
  [Step 3604480]  reward=+53.9  win_rate=70.0%  first=68.0%  510K=36.7  rel_sup=+3.88  [242s, target=3604480]
  [Step 3670016]  reward=+51.5  win_rate=64.5%  first=62.5%  510K=36.5  rel_sup=+3.39  [285s, target=3670016]
  [Step 3735552]  reward=+47.9  win_rate=60.0%  first=56.0%  510K=35.5  rel_sup=+2.71  [316s, target=3735552]
  [Step 3801088]  reward=+51.1  win_rate=63.0%  first=61.0%  510K=36.8  rel_sup=+3.22  [333s, target=3801088]
  [Step 3866624]  reward=+49.5  win_rate=61.5%  first=59.0%  510K=35.9  rel_sup=+2.96  [323s, target=3866624]
