[2026-06-28 16:51:37] Starting master training: 3 modes ¡Á 6 seeds ¡Á 1000000 steps
[2026-06-28 16:51:37] === Mode: single ===
[2026-06-28 16:51:37] Running: C:\Users\Flavi\AppData\Local\Programs\Python\Python311\python.exe train_selfplay.py --mode single --seeds 6 --timesteps 1000000 --save-every 100000
[2026-06-28 18:56:52] Stdout:
    | 0.0003       |
|    loss                 | 15.9         |
|    n_updates            | 1760         |
|    policy_gradient_loss | -0.00601     |
|    value_loss           | 100          |
------------------------------------------
------------------------------------------
| rollout/                |              |
|    ep_len_mean          | 15.6         |
|    ep_rew_mean          | 33.8         |
| time/                   |              |
|    fps                  | 188          |
|    iterations           | 178          |
|    time_elapsed         | 1936         |
|    total_timesteps      | 364544       |
| train/                  |              |
|    approx_kl            | 0.0027626334 |
|    clip_fraction        | 0.0338       |
|    clip_range           | 0.2          |
|    entropy_loss         | -0.247       |
|    explained_variance   | 0.447        |
|    learning_rate        | 0.0003       |
|    loss                 | 24           |
|    n_updates            | 1770         |
|    policy_gradient_loss | -0.0049      |
|    value_loss           | 125          |
------------------------------------------
----------------------------------------
| rollout/                |            |
|    ep_len_mean          | 15.2       |
|    ep_rew_mean          | 35.5       |
| time/                   |            |
|    fps                  | 188        |
|    iterations           | 179        |
|    time_elapsed         | 1946       |
|    total_timesteps      | 366592     |
| train/                  |            |
|    approx_kl            | 0.00422833 |
|    clip_fraction        | 0.0417     |
|    clip_range           | 0.2        |
|    entropy_loss         | -0.263     |
|    explained_variance   | 0.542      |
|    learning_rate        | 0.0003     |
|    loss                 | 27.2       |
|    n_updates            | 1780       |
|    policy_gradient_loss | -0.00532   |
|    value_loss           | 106        |
----------------------------------------

[2026-06-28 18:56:52] [ERROR] Stderr:
ojects\project3\510k-env\env\env_510k.py", line 155, in _auto_play_next
    chosen = self._policy_bot_act(pid, actions)
             ^^^^^^^^^^^^^^^^^^^^^^^^^^^^^^^^^^
  File "C:\Users\Flavi\llmprojects\project3\510k-env\env\env_510k.py", line 163, in _policy_bot_act
    action, _ = self._model_bot.predict(obs, action_masks=mask, deterministic=False)
                ^^^^^^^^^^^^^^^^^^^^^^^^^^^^^^^^^^^^^^^^^^^^^^^^^^^^^^^^^^^^^^^^^^^^
  File "C:\Users\Flavi\AppData\Local\Programs\Python\Python311\Lib\site-packages\sb3_contrib\ppo_mask\ppo_mask.py", line 307, in predict
    return self.policy.predict(observation, state, episode_start, deterministic, action_masks=action_masks)
           ^^^^^^^^^^^^^^^^^^^^^^^^^^^^^^^^^^^^^^^^^^^^^^^^^^^^^^^^^^^^^^^^^^^^^^^^^^^^^^^^^^^^^^^^^^^^^^^^
  File "C:\Users\Flavi\AppData\Local\Programs\Python\Python311\Lib\site-packages\sb3_contrib\common\maskable\policies.py", line 290, in predict
    self.set_training_mode(False)
  File "C:\Users\Flavi\AppData\Local\Programs\Python\Python311\Lib\site-packages\stable_baselines3\common\policies.py", line 211, in set_training_mode
    self.train(mode)
  File "C:\Users\Flavi\AppData\Local\Programs\Python\Python311\Lib\site-packages\torch\nn\modules\module.py", line 2905, in train
    module.train(mode)
  File "C:\Users\Flavi\AppData\Local\Programs\Python\Python311\Lib\site-packages\torch\nn\modules\module.py", line 2905, in train
    module.train(mode)
  File "C:\Users\Flavi\AppData\Local\Programs\Python\Python311\Lib\site-packages\torch\nn\modules\module.py", line 2905, in train
    module.train(mode)
  File "C:\Users\Flavi\AppData\Local\Programs\Python\Python311\Lib\site-packages\torch\nn\modules\module.py", line 2903, in train
    self.training = mode
    ^^^^^^^^^^^^^
  File "C:\Users\Flavi\AppData\Local\Programs\Python\Python311\Lib\site-packages\torch\nn\modules\module.py", line 2075, in __setattr__
    super().__setattr__(name, value)
    ^^^^^^^
RuntimeError: super(): bad __class__ cell

[2026-06-28 18:56:52] Mode single done in 125.3 min (returncode=1)
[2026-06-28 18:56:52] === Mode: static ===
[2026-06-28 18:56:52] Running: C:\Users\Flavi\AppData\Local\Programs\Python\Python311\python.exe train_selfplay.py --mode static --seeds 6 --timesteps 1000000 --save-every 100000
[2026-06-28 20:21:20] Stdout:
|    loss                 | 74.4         |
|    n_updates            | 4120         |
|    policy_gradient_loss | -0.00349     |
|    value_loss           | 544          |
------------------------------------------
-----------------------------------------
| rollout/                |             |
|    ep_len_mean          | 18.9        |
|    ep_rew_mean          | 104         |
| time/                   |             |
|    fps                  | 168         |
|    iterations           | 414         |
|    time_elapsed         | 5043        |
|    total_timesteps      | 847872      |
| train/                  |             |
|    approx_kl            | 0.003010731 |
|    clip_fraction        | 0.0248      |
|    clip_range           | 0.2         |
|    entropy_loss         | -0.353      |
|    explained_variance   | 0.395       |
|    learning_rate        | 0.0003      |
|    loss                 | 80          |
|    n_updates            | 4130        |
|    policy_gradient_loss | -0.00291    |
|    value_loss           | 504         |
-----------------------------------------
------------------------------------------
| rollout/                |              |
|    ep_len_mean          | 19           |
|    ep_rew_mean          | 108          |
| time/                   |              |
|    fps                  | 168          |
|    iterations           | 415          |
|    time_elapsed         | 5056         |
|    total_timesteps      | 849920       |
| train/                  |              |
|    approx_kl            | 0.0025832793 |
|    clip_fraction        | 0.0301       |
|    clip_range           | 0.2          |
|    entropy_loss         | -0.395       |
|    explained_variance   | 0.346        |
|    learning_rate        | 0.0003       |
|    loss                 | 84.3         |
|    n_updates            | 4140         |
|    policy_gradient_loss | -0.00513     |
|    value_loss           | 494          |
------------------------------------------

[2026-06-28 20:21:20] [ERROR] Stderr:
_bot_act
    action, _ = self._model_bot.predict(obs, action_masks=mask, deterministic=False)
                ^^^^^^^^^^^^^^^^^^^^^^^^^^^^^^^^^^^^^^^^^^^^^^^^^^^^^^^^^^^^^^^^^^^^
  File "C:\Users\Flavi\AppData\Local\Programs\Python\Python311\Lib\site-packages\sb3_contrib\ppo_mask\ppo_mask.py", line 307, in predict
    return self.policy.predict(observation, state, episode_start, deterministic, action_masks=action_masks)
           ^^^^^^^^^^^^^^^^^^^^^^^^^^^^^^^^^^^^^^^^^^^^^^^^^^^^^^^^^^^^^^^^^^^^^^^^^^^^^^^^^^^^^^^^^^^^^^^^
  File "C:\Users\Flavi\AppData\Local\Programs\Python\Python311\Lib\site-packages\sb3_contrib\common\maskable\policies.py", line 290, in predict
    self.set_training_mode(False)
  File "C:\Users\Flavi\AppData\Local\Programs\Python\Python311\Lib\site-packages\stable_baselines3\common\policies.py", line 211, in set_training_mode
    self.train(mode)
  File "C:\Users\Flavi\AppData\Local\Programs\Python\Python311\Lib\site-packages\torch\nn\modules\module.py", line 2905, in train
    module.train(mode)
  File "C:\Users\Flavi\AppData\Local\Programs\Python\Python311\Lib\site-packages\torch\nn\modules\module.py", line 2905, in train
    module.train(mode)
  File "C:\Users\Flavi\AppData\Local\Programs\Python\Python311\Lib\site-packages\torch\nn\modules\module.py", line 2905, in train
    module.train(mode)
  File "C:\Users\Flavi\AppData\Local\Programs\Python\Python311\Lib\site-packages\torch\nn\modules\module.py", line 2903, in train
    self.training = mode
    ^^^^^^^^^^^^^
  File "C:\Users\Flavi\AppData\Local\Programs\Python\Python311\Lib\site-packages\torch\nn\modules\module.py", line 1982, in __setattr__
    if isinstance(value, Parameter):
       ^^^^^^^^^^^^^^^^^^^^^^^^^^^^
  File "C:\Users\Flavi\AppData\Local\Programs\Python\Python311\Lib\site-packages\torch\nn\parameter.py", line 23, in __instancecheck__
    if isinstance(instance, torch.Tensor) and getattr(
       ^^^^^^^^^^
AttributeError: type object 'Parameter' has no attribute 'Parameter'

[2026-06-28 20:21:20] Mode static done in 84.5 min (returncode=1)
[2026-06-28 20:21:20] === Mode: dynamic ===
[2026-06-28 20:21:20] Running: C:\Users\Flavi\AppData\Local\Programs\Python\Python311\python.exe train_selfplay.py --mode dynamic --seeds 6 --timesteps 1000000 --save-every 100000
[2026-07-01 00:54:30] Stdout:
------------------------------------------
-----------------------------------------
| rollout/                |             |
|    ep_len_mean          | 18.5        |
|    ep_rew_mean          | 92.7        |
| time/                   |             |
|    fps                  | 30          |
|    iterations           | 488         |
|    time_elapsed         | 32424       |
|    total_timesteps      | 999424      |
| train/                  |             |
|    approx_kl            | 0.002708307 |
|    clip_fraction        | 0.0274      |
|    clip_range           | 0.2         |
|    entropy_loss         | -0.285      |
|    explained_variance   | 0.104       |
|    learning_rate        | 0.0003      |
|    loss                 | 94.2        |
|    n_updates            | 4870        |
|    policy_gradient_loss | -0.00351    |
|    value_loss           | 611         |
-----------------------------------------
------------------------------------------
| rollout/                |              |
|    ep_len_mean          | 18.9         |
|    ep_rew_mean          | 92           |
| time/                   |              |
|    fps                  | 30           |
|    iterations           | 489          |
|    time_elapsed         | 32487        |
|    total_timesteps      | 1001472      |
| train/                  |              |
|    approx_kl            | 0.0009936626 |
|    clip_fraction        | 0.0115       |
|    clip_range           | 0.2          |
|    entropy_loss         | -0.264       |
|    explained_variance   | 0.194        |
|    learning_rate        | 0.0003       |
|    loss                 | 83.7         |
|    n_updates            | 4880         |
|    policy_gradient_loss | -0.00189     |
|    value_loss           | 683          |
------------------------------------------
  Done in 32497s (541.6 min)
  Saved to models_selfplay\510k_dynamic_seed46_final.zip

[mode=dynamic] All 6 seeds done. Summary: models_selfplay\dynamic_seeds_summary.json

[2026-07-01 00:54:30] [WARN] Stderr:
Gym has been unmaintained since 2022 and does not support NumPy 2.0 amongst other critical functionality.
Please upgrade to Gymnasium, the maintained drop-in replacement of Gym, or contact the authors of your software and request that they upgrade.
Users of this version of Gym should be able to simply replace 'import gym' with 'import gymnasium as gym' in the vast majority of cases.
See the migration guide at https://gymnasium.farama.org/introduction/migration_guide/ for additional information.

[2026-07-01 00:54:30] Mode dynamic done in 3153.2 min (returncode=0)
[2026-07-01 00:54:30] All done! Total time: 3362.9 min (56.0 hours)
